// Jest Snapshot v1, https://goo.gl/fbAQLP

exports[`buildTileCommandCollection build tile command collection properly 1`] = `
{
  "passages": [
    {
      "passage": 0,
    },
    {
      "passage": 15,
    },
    {
      "passage": 1,
    },
  ],
  "priorities": [
    {
      "priority": 0,
    },
    {
      "priority": 1,
    },
    {
      "priority": 2,
    },
    {
      "priority": 3,
    },
    {
      "priority": 4,
    },
  ],
  "systemTags": [
    {
      "systemTag": 0,
    },
    {
      "systemTag": 424,
    },
    {
      "systemTag": 409,
    },
    {
      "systemTag": 410,
    },
    {
      "systemTag": 427,
    },
    {
      "systemTag": 385,
    },
    {
      "systemTag": 405,
    },
    {
      "systemTag": 390,
    },
    {
      "systemTag": 389,
    },
    {
      "systemTag": 429,
    },
    {
      "systemTag": 402,
    },
    {
      "systemTag": 404,
    },
    {
      "systemTag": 412,
    },
    {
      "systemTag": 411,
    },
  ],
}
`;
